
      / https://homepage.divms.uiowa.edu/~jones/pdp8/                     Page 1


    1             / https://homepage.divms.uiowa.edu/~jones/pdp8/
    2             /       PAPER TAPE BINARY AND RIM LOADERS FOR PAPER TAPE INPUT
    3             /       BASED ON CODE PLACED IN PUBLIC DOMAIN BY C. J. LASNER
    4             /       DERIVED BY CJL FROM DEC'S BIN LOADERS FOR USE IN P?S/8
    5             /       MODIFIED FOR STAND-ALONE USE BY D. W. JONES
    6             
    7             /       I/O INSTRUCTIONS USED.  COMMENT OUT ALL BUT ONE VERSION
    8             
    9             /       TTY INPUT
   10             /KSFIOT= KSF
   11             /KRBIOT= KRB
   12             /KCCIOT= KCC
   13             /KRSIOT= KRS
   14             
   15             /       HIGH SPEED READER INPUT
   16       6011  KSFIOT= RSF
   17       6016  KRBIOT= RFC RRB
   18       6014  KCCIOT= RFC
   19       6012  KRSIOT= RRB
   20             
   21       7647  * 7647  /HISTORICAL STARTING LOCATION MAY BE AS LOW AS 7625
   22                     /RANGE 07600-07642 AVAILABLE FOR DISK BOOT ROUTINE
   23             
   24             /       /       /       /       /       /       /       /
   25             /       ROUTINE TO GET AND DECODE FRAME OF TAPE
   26             /       SKIPS NEXT INSTRUCTION IF DATA OR ORIGIN WORD
   27             /       RETURN DIRECTLY IF LEADER
   28             /       PROCESS ORIGIN SETTING AND GET NEXT FRAME
   29             /       ON RETURN, AC=0 ALWAYS
   30             /       WHAT A KLUGE!
   31             
   32 07647 0000  BEGG,   .-.                     /HISTORICAL NAME
   33 07650 4272  BEGG1,  JMS     BNREAD          /GET A FRAME
   34 07651 1306          TAD     BNHLT /(7402)   /TEST FOR ERROR (HIGH BITS)
   35 07652 7750          SPA SNA CLA             /SKIP IF (FRAME+7402) > 0
   36 07653 5256  BNLINE, JMP     BGOOD           /JUMP IF NO
   37             /                               /
   38 07654 7402          HLT                     /HERE IF ERROR
   39 07655 5250          JMP     BEGG1           /GET MORE CHARACTERS
   40             
   41 07656 1351  BGOOD,  TAD     BCHAR           /\
   42 07657 0266          AND     BN300  /(300)   / \
   43 07660 1310          TAD     BN7600 /(-200)  /  >BUMP RETURN IF DATA
   44 07661 7510          SPA                     / /             OR ORIGIN
   45 07662 2247          ISZ     BEGG            //
   46 07663 7750          SPA SNA CLA             /RETURN IF NOT FIELD SETTING
   47 07664 5647          JMP I   BEGG            /RETURN IF LEADER, SKIP RETURN
   48 07665 1351          TAD     BCHAR           /\           IF DATA OR ORIGIN
   49 07666 0301  BN300,  AND     BFMASK /(70)    / \
   50 07667 1302          TAD     BNCDF  /(CDF)   /  >PROCESS FIELD SETTINGS
   51 07670 3352          DCA     BMTEM           / /
   52 07671 5250          JMP     BEGG1           //
   53             
   54             /       /       /       /       /       /       /       /
   55             /       ROUTINE TO GET ONE FRAME TO AC AND BCHAR
   56             
   57 07672 0000  BNREAD, .-.

      / https://homepage.divms.uiowa.edu/~jones/pdp8/                     Page 2


   58 07673 6011          KSFIOT
   59 07674 5273          JMP     .-1             /WAIT FOR INPUT
   60 07675 6016          KRBIOT
   61 07676 3351          DCA     BCHAR           /SAVE FRAME
   62 07677 1351          TAD     BCHAR           /GET IT BACK
   63 07700 5672          JMP I   BNREAD          /RETURN
   64             
   65 07701 0070  BFMASK, 70                      /HARMLESS AND
   66 07702 6201  BNCDF,  CDF     00              /CDF CONSTANT
   67             
   68             /       /       /       /       /       /       /       /
   69             /       PROCESS END OF TAPE
   70             
   71 07703 4342  BEND,   JMS     BASEMB          /GOT TRAILER, DO LAST WORD
   72 07704 7041          CIA                     /INVERT FOR CHECKSUM COMPARISON
   73 07705 1353  BIPZP1, TAD     BCHKSM
   74 07706 7402  BNHLT,  HLT                     /AC EQUALS ZERO IF NO ERRORS
   75             
   76             /       /       /       /       /       /       /       /
   77             /       MAIN PROGRAM
   78             
   79 07707 6014  BBEGIN, KCCIOT                  /START OF PROGRAM
   80 07710 7600  BN7600, 7600                    /GROUP 2 CLA USED AS CONSTANT
   81 07711 6214          RDF                     /\
   82 07712 1302          TAD     BNCDF /(CDF)    / >SETUP INITIAL LOADING FIELD
   83 07713 3352          DCA     BMTEM           //
   84 07714 4247  BAUTO,  JMS     BEGG            /GET A FRAME
   85 07715 5314          JMP     .-1             /IGNORE LEADER
   86 07716 3353  BEGO,   DCA     BCHKSM          /ZERO OR ADD TO CHECKSUM
   87 07717 1352          TAD     BMTEM           /SET UP
   88 07720 3330          DCA     BLODIT          /DESIRED FIELD
   89 07721 1351          TAD     BCHAR           /SAVE AS
   90 07722 3354          DCA     BWORD1          /FIRST FRAME
   91 07723 4272          JMS     BNREAD          /GET NEXT
   92 07724 3355          DCA     BWORD2          /SAVE AS SECOND FRAME
   93 07725 4247          JMS     BEGG            /GET NEXT FRAME
   94 07726 5303          JMP     BEND            /TRAILER, GO FINISH UP
   95 07727 4342          JMS     BASEMB          /
   96 07730 7402  BLODIT, HLT                     /CDF INTO LOADING FIELD
   97 07731 7420          SNL                     /SKIP IF ORIGIN SETTING
   98 07732 3776          DCA I   RORG            /STORE THE WORD IF DATA
   99 07733 2376          ISZ     RORG            /PUSH POINTER
  100 07734 7430          SZL                     /NOP NOT NEEDED; SKIP IF ORIGIN
  101 07735 3376          DCA     RORG            /SAVE ORIGIN
  102 07736 1354  BCHEX,  TAD     BWORD1          /NOT RICE, CORN OR WHEAT
  103 07737 1355          TAD     BWORD2          /ADD LATEST WORDS
  104 07740 1353          TAD     BCHKSM          /AND CHECKSUM
  105 07741 5316          JMP     BEGO            /ACCUMULATE AND DO NEXT
  106             
  107             /       /       /       /       /       /       /       /
  108             /       ASSEMBLE A WORD FROM 2 FRAMES
  109             /       AC = 0 ON ENTRY, AC = ASSEMBLED WORD ON EXIT
  110             /       LINK = ORIGIN SETTING BIT ON EXIT
  111             
  112 07742 0000  BASEMB, .-.
  113 07743 1354          TAD     BWORD1          /GET FIRST FRAME
  114 07744 7106          CLL RTL;RTL;RTL         /SHIFT LEFT 6

      / https://homepage.divms.uiowa.edu/~jones/pdp8/                     Page 3


      07745 7006
      07746 7006
  115 07747 1355          TAD     BWORD2          /ADD ON SECOND FRAME
  116 07750 5742          JMP I   BASEMB          /RETURN
  117             
  118             /       /       /       /       /       /       /       /
  119             
  120 07751 0000  BCHAR,  .-.                     /INPUT BUFFER
  121 07752 0000  BMTEM,  .-.                     /FIELD TEMPORARY
  122 07753 0000  BCHKSM, .-.                     /CHECKSUM
  123 07754 0000  BWORD1, .-.                     /FRAME 1 TEMPORARY
  124 07755 0000  BWORD2, .-.                     /FRAME 2 TEMPORARY
  125             
  126             /       THE RIM LOADER FOLLOWS IN 7756-7775
  127             
  128       7776  RORG=   7776                    /USED BY RIM AND BIN FOR ORIGIN
  129             
  130       7777  * 7777  / FINAL WORD OF CORE (AFTER RIM) JUMPS TO BIN
  131 07777 5307          JMP     BBEGIN          /START BINARY LOADER
  132                             
  133             / https://homepage.divms.uiowa.edu/~jones/pdp8/
  134             /       RIM LOADERS FOR PAPER TAPE INPUT
  135             
  136             /UNCOMMENT FOLLOWING FOR TTY INPUT
  137             /KSFIOT= KSF
  138             /KRBIOT= KRB
  139             /KCCIOT= KCC
  140             /KRSIOT= KRS
  141             /HSR=    0
  142             
  143             /UNCOMMENT FOLLOWING FOR HIGH SPEED READER INPUT
  144       6011  KSFIOT= RSF
  145       6016  KRBIOT= RRB RFC
  146       6014  KCCIOT= RFC
  147       6016  KRSIOT= RRB RFC
  148       0001  HSR=    1
  149             
  150             / FIXUP TO CHANGE BRANCH TARGET FROM TTYC TO HSRC
  151       0015  HSRF=   HSRC-TTYC^HSR
  152             
  153       7756  *7756
  154 07756 6014  BEG,    KCCIOT          / INITIALIZE READER
  155 07757 6011  TTYC,   KSFIOT          / AWAIT INPUT
  156 07760 5357          JMP     TTYC
  157 07761 6016          KRBIOT          / GET A CHARACTER
  158 07762 7106          CLL RTL
  159 07763 7006          RTL
  160 07764 7510          SPA             / SKIP IF HIGH BIT OF 8 BIT CHAR RESET
  161 07765 5374          JMP     TTYC+HSRF       / ELSE LOOP (SKIPPING LEADER)
  162 07766 7006          RTL             / 6 BIT CHAR IN AC[0-5], LINK=BIT 7
  163 07767 6011          KSFIOT          / AWAIT INPUT
  164 07770 5367          JMP     .-1     
  165 07771 6016          KRSIOT          / OR 6 BIT CHAR INTO AC[6-12]
  166 07772 7420          SNL             / SKIP NEXT IF BIT 7 OF CHAR 1 WAS SET
  167 07773 3776          DCA I   TEMP    / STORE DATA
  168 07774 3376  HSRC,   DCA     TEMP    / SET ADDRESS OF NEXT DATA WORD
  169 07775 5357          JMP     BEG+HSR / GO GET NEXT DATA WORD

      / https://homepage.divms.uiowa.edu/~jones/pdp8/                     Page 4


  170 07776 0000  TEMP,   .-.             / ADDRESS OF NEXT DATA WORD

      No detected errors

      / https://homepage.divms.uiowa.edu/~jones/pdp8/                     Page 5
                                                                 Cross Reference

    1 A    112  BASEMB       71     95    116
    2 A     84  BAUTO   
    3 A     79  BBEGIN      131
    4 A    120  BCHAR        41     48     61     62     89
    5 A    102  BCHEX   
    6 A    122  BCHKSM       73     86    104
    7 A    154  BEG         169
    8 A     32  BEGG         45     47     84     93
    9 A     33  BEGG1        39     52
   10 A     86  BEGO        105
   11 A     71  BEND         94
   12 A     65  BFMASK       49
   13 A     41  BGOOD        36
   14 A     73  BIPZP1  
   15 A     96  BLODIT       88
   16 A    121  BMTEM        51     83     87
   17 A     49  BN300        42
   18 A     80  BN7600       43
   19 A     66  BNCDF        50     82
   20 A     74  BNHLT        34
   21 A     36  BNLINE  
   22 A     57  BNREAD       33     63     91
   23 A    123  BWORD1       90    102    113
   24 A    124  BWORD2       92    103    115
   25 A    148  HSR         151    169
   26 A    168  HSRC        151
   27 A    151  HSRF        161
   28 A    146  KCCIOT       79     79    154    154
   29 A    145  KRBIOT       60     60    157    157
   30 A    147  KRSIOT      165    165
   31 A    144  KSFIOT       58     58    155    155    163    163
   32 A    128  RORG         98     99    101
   33 A    170  TEMP        167    168
   34 A    155  TTYC        151    156    161
